// Jest Snapshot v1, https://goo.gl/fbAQLP

exports[`renders correctly 1`] = `
<View
  style={
    Array [
      Object {
        "marginBottom": 10,
      },
      undefined,
    ]
  }
>
  <View
    style={
      Object {
        "position": "relative",
      }
    }
  >
    <View
      style={
        Array [
          Object {
            "alignSelf": "stretch",
          },
          Object {
            "backgroundColor": "#131517",
            "borderColor": "#999999",
            "borderRadius": 15,
            "borderWidth": 1,
            "flexGrow": 1,
            "height": 50,
            "justifyContent": "center",
          },
        ]
      }
    >
      <View
        accessible={true}
        collapsable={false}
        focusable={true}
        onClick={[Function]}
        onResponderGrant={[Function]}
        onResponderMove={[Function]}
        onResponderRelease={[Function]}
        onResponderTerminate={[Function]}
        onResponderTerminationRequest={[Function]}
        onStartShouldSetResponder={[Function]}
        style={
          Object {
            "opacity": 1,
          }
        }
        testID="ios_touchable_wrapper"
      >
        <View
          pointerEvents="box-only"
        >
          <TextInput
            editable={false}
            style={
              Object {
                "backgroundColor": "transparent",
                "color": "#AFAFAF",
                "fontFamily": "System",
                "fontSize": 14,
                "fontWeight": "400",
                "paddingHorizontal": 14,
              }
            }
            testID="text_input"
          />
        </View>
      </View>
      <Modal
        hardwareAccelerated={false}
        onOrientationChange={[Function]}
        supportedOrientations={
          Array [
            "portrait",
            "landscape",
          ]
        }
        testID="ios_modal"
        transparent={true}
        visible={false}
      />
    </View>
    <Text
      allowFontScaling={false}
      selectable={false}
      style={
        Array [
          Object {
            "color": "#FFFFFF",
            "fontSize": 20,
          },
          Object {
            "paddingTop": 14,
            "position": "absolute",
            "right": 12,
          },
          Object {
            "fontFamily": undefined,
            "fontStyle": "normal",
            "fontWeight": "normal",
          },
          Object {},
        ]
      }
    >
      ï…‹
    </Text>
  </View>
</View>
`;
